HI-TECH Software PICC-18 Compiler V9.80 ()

Linker command line:

--edf=C:\Program Files (x86)\HI-TECH Software\PICC-18\9.80\dat\en_msgs.txt \
  -cs -h+Chord.sym -z -Q18F4620 -ol.obj -MChord.map -E1 -ver=PICC-18 \
  -ACODE=0800h-0FFFFh -ACONST=00h-0FFFFh -ASMALLCONST=01000h-010FFhx240 \
  -AMEDIUMCONST=01000h-0FFFFh -ACOMRAM=01h-07Fh -AABS1=00h-0F7Fh \
  -ABIGRAM=01h-0F7Fh -ARAM=080h-0FFh,0100h-01FFhx14,0F00h-0F7Fh \
  -ABANK0=080h-0FFh -ABANK1=0100h-01FFh -ABANK2=0200h-02FFh \
  -ABANK3=0300h-03FFh -ABANK4=0400h-04FFh -ABANK5=0500h-05FFh \
  -ABANK6=0600h-06FFh -ABANK7=0700h-07FFh -ABANK8=0800h-08FFh \
  -ABANK9=0900h-09FFh -ABANK10=0A00h-0AFFh -ABANK11=0B00h-0BFFh \
  -ABANK12=0C00h-0CFFh -ABANK13=0D00h-0DFFh -ABANK14=0E00h-0EFFh \
  -ABANK15=0F00h-0F7Fh -ASFR=0F80h-0FFFh \
  -preset_vec=0800h,intcode=0808h,intcodelo,powerup,init,end_init \
  -pramtop=01000h -psmallconst=SMALLCONST -pmediumconst=MEDIUMCONST \
  -pconst=CONST -AFARRAM=00h-00h -ACONFIG=0300000h-030000Dh -pconfig=CONFIG \
  -AIDLOC=0200000h-0200007h -pidloc=IDLOC -AEEDATA=0F00000h-0F003FFh \
  -peeprom_data=EEDATA \
  -prdata=COMRAM,nvrram=COMRAM,nvbit=COMRAM,rbss=COMRAM,rbit=COMRAM \
  -pfarbss=FARRAM,fardata=FARRAM \
  -pintsave_regs=BIGRAM,bigbss=BIGRAM,bigdata=BIGRAM -pbss=RAM \
  -pidata=CODE,irdata=CODE,ibigdata=CODE,ifardata=CODE \
  C:\Users\Rich\AppData\Local\Temp\sd5g.obj Chord.obj 

Object code version is 3.10

Machine type is 18F4620

Call graph: (short form)




                Name          Link     Load   Length Selector   Space       Scale
C:\Users\Rich\AppData\Local\Temp\sd5g.obj
                end_init       80C      80C        4     404     0
                reset_vec      800      800        4     400     0
Chord.obj       intcode        808      808        4     404     0
                smallcons     1000     1000       2C     800     0
                intcode_b     102C     102C      198     816     0
                text10        1326     1326       4A     816     0
                text9         1370     1370       3E     816     0
                text8         1480     1480       2A     816     0
                text7         14CE     14CE        C     816     0
                text6         14BC     14BC       12     816     0
                text5         13AE     13AE       3C     816     0
                text4         1456     1456       2A     816     0
                text3         1424     1424       32     816     0
                text2         12B6     12B6       70     816     0
                text1         13EA     13EA       3A     816     0
                text0         11C4     11C4       F2     816     0
                cstackCOM        1        1       15       1     1
                bssCOMRAM       16       16        6       1     1
                cinit         14AA     14AA       12     816     0

TOTAL           Name          Link     Load   Length     Space
        CLASS   CODE           
                end_init       80C      80C        4     0
                intcode        808      808        4     0
                reset_vec      800      800        4     0
                intcode_b     102C     102C      198     0
                text10        1326     1326       4A     0
                text9         1370     1370       3E     0
                text8         1480     1480       2A     0
                text7         14CE     14CE        C     0
                text6         14BC     14BC       12     0
                text5         13AE     13AE       3C     0
                text4         1456     1456       2A     0
                text3         1424     1424       32     0
                text2         12B6     12B6       70     0
                text1         13EA     13EA       3A     0
                text0         11C4     11C4       F2     0
                cinit         14AA     14AA       12     0

        CLASS   CONST          

        CLASS   SMALLCONST     
                smallcons     1000     1000       2C     0

        CLASS   MEDIUMCONST    

        CLASS   COMRAM         
                cstackCOM        1        1       15     1
                bssCOMRAM       16       16        6     1

        CLASS   ABS1           

        CLASS   BIGRAM         

        CLASS   RAM            

        CLASS   BANK0          

        CLASS   BANK1          

        CLASS   BANK2          

        CLASS   BANK3          

        CLASS   BANK4          

        CLASS   BANK5          

        CLASS   BANK6          

        CLASS   BANK7          

        CLASS   BANK8          

        CLASS   BANK9          

        CLASS   BANK10         

        CLASS   BANK11         

        CLASS   BANK12         

        CLASS   BANK13         

        CLASS   BANK14         

        CLASS   BANK15         

        CLASS   SFR            

        CLASS   FARRAM         

        CLASS   CONFIG         

        CLASS   IDLOC          

        CLASS   EEDATA         



SEGMENTS        Name            Load    Length   Top    Selector   Space  Class

                cstackCOMRAM    000001  00001B  00001C         1       1  COMRAM  
                reset_vec       000800  000004  000804       400       0  CODE    
                intcode         000808  000008  000810       404       0  CODE    
                smallconst      001000  00002C  00102C       800       0  SMALLCON
                intcode_body    00102C  0004AE  0014DA       816       0  CODE    


UNUSED ADDRESS RANGES

        Name                Unused          Largest block    Delta
        BANK0            0080-00FF             80
        BANK1            0100-01FF            100
        BANK10           0A00-0AFF            100
        BANK11           0B00-0BFF            100
        BANK12           0C00-0CFF            100
        BANK13           0D00-0DFF            100
        BANK14           0E00-0EFF            100
        BANK15           0F00-0F7F             80
        BANK2            0200-02FF            100
        BANK3            0300-03FF            100
        BANK4            0400-04FF            100
        BANK5            0500-05FF            100
        BANK6            0600-06FF            100
        BANK7            0700-07FF            100
        BANK8            0800-08FF            100
        BANK9            0900-09FF            100
        BIGRAM           001C-0F7F            F64
        CODE             0804-0807              4
                         0810-0FFF            7F0
                         14DA-FFFF           EB26
        COMRAM           001C-007F             64
        CONFIG           300000-30000D              E
        CONST            0000-07FF            800
                         0804-0807              4
                         0810-0FFF            7F0
                         14DA-FFFF           EB26
        EEDATA           F00000-F003FF            400
        FARRAM           0000-0000              1
        IDLOC            200000-200007              8
        MEDIUMCONST      14DA-FFFF           EB26
        RAM              0080-0F7F            100
        SFR              0F80-0FFF             80
        SMALLCONST       14DA-FFFF            100

                                  Symbol Table

??_IntServe           cstackCOMRAM 0001
??_LCD_Init           cstackCOMRAM 000B
??_LCD_Inst           cstackCOMRAM 0009
??_LCD_Move           cstackCOMRAM 000C
??_LCD_Out            cstackCOMRAM 000D
??_LCD_Pause          cstackCOMRAM 0003
??_LCD_Strobe         cstackCOMRAM 0004
??_LCD_Write          cstackCOMRAM 0004
??_Wait_ms            cstackCOMRAM 0005
??___lwdiv            cstackCOMRAM 0007
??___lwmod            cstackCOMRAM 0007
??_main               cstackCOMRAM 0014
?_IntServe            cstackCOMRAM 0001
?_LCD_Init            cstackCOMRAM 0001
?_LCD_Inst            cstackCOMRAM 0001
?_LCD_Move            cstackCOMRAM 000B
?_LCD_Out             cstackCOMRAM 000A
?_LCD_Pause           cstackCOMRAM 0001
?_LCD_Strobe          cstackCOMRAM 0001
?_LCD_Write           cstackCOMRAM 0001
?_Wait_ms             cstackCOMRAM 0003
?___lwdiv             cstackCOMRAM 0003
?___lwmod             cstackCOMRAM 0003
?_main                cstackCOMRAM 0001
LCD_Inst@c            cstackCOMRAM 000A
LCD_Move@Col          cstackCOMRAM 000B
LCD_Move@Row          cstackCOMRAM 000C
LCD_Out@A             cstackCOMRAM 000E
LCD_Out@DATA          cstackCOMRAM 000A
LCD_Out@N             cstackCOMRAM 000C
LCD_Out@i             cstackCOMRAM 0013
LCD_Pause@x           cstackCOMRAM 0003
LCD_Write@c           cstackCOMRAM 0005
Wait_ms@X             cstackCOMRAM 0003
Wait_ms@i             cstackCOMRAM 0005
Wait_ms@j             cstackCOMRAM 0007
_ADCON1               (abs)        0FC1
_GIE                  (abs)        7F97
_IntServe             intcode      0808
_LCD_Init             text4        1456
_LCD_Inst             text5        13AE
_LCD_Move             text1        13EA
_LCD_Out              text2        12B6
_LCD_Pause            text7        14CE
_LCD_Strobe           text6        14BC
_LCD_Write            text3        1424
_MSG0                 smallconst   1000
_MSG1                 smallconst   1015
_N0                   bssCOMRAM    0016
_N1                   bssCOMRAM    0018
_N3                   bssCOMRAM    001A
_PEIE                 (abs)        7F96
_PORTB                (abs)        0F81
_PORTD                (abs)        0F83
_PR2                  (abs)        0FCB
_RB0                  (abs)        7C08
_RB1                  (abs)        7C09
_RB2                  (abs)        7C0A
_RB3                  (abs)        7C0B
_RB4                  (abs)        7C0C
_RB5                  (abs)        7C0D
_RB6                  (abs)        7C0E
_RB7                  (abs)        7C0F
_RC0                  (abs)        7C10
_RC1                  (abs)        7C11
_RC2                  (abs)        7C12
_RD1                  (abs)        7C19
_RD2                  (abs)        7C1A
_RD3                  (abs)        7C1B
_T0CON                (abs)        0FD5
_T0CS                 (abs)        7EAD
_T1CON                (abs)        0FCD
_T2CON                (abs)        0FCA
_T3CON                (abs)        0FB1
_TMR0                 (abs)        0FD6
_TMR0IE               (abs)        7F95
_TMR0IF               (abs)        7F92
_TMR0IP               (abs)        7F8A
_TMR0ON               (abs)        7EAF
_TMR1                 (abs)        0FCE
_TMR1CS               (abs)        7E69
_TMR1IE               (abs)        7CE8
_TMR1IF               (abs)        7CF0
_TMR1IP               (abs)        7CF8
_TMR1ON               (abs)        7E68
_TMR2IE               (abs)        7CE9
_TMR2IF               (abs)        7CF1
_TMR2IP               (abs)        7CF9
_TMR2ON               (abs)        7E52
_TMR3                 (abs)        0FB2
_TMR3CS               (abs)        7D89
_TMR3IE               (abs)        7D01
_TMR3IF               (abs)        7D09
_TMR3IP               (abs)        7D11
_TMR3ON               (abs)        7D88
_TRISA                (abs)        0F92
_TRISB                (abs)        0F93
_TRISC                (abs)        0F94
_TRISD                (abs)        0F95
_TRISE                (abs)        0F96
_Wait_ms              text8        1480
__HRAM                (abs)        0000
__Habs1               abs1         0000
__Hbank0              bank0        0000
__Hbank1              bank1        0000
__Hbank10             bank10       0000
__Hbank11             bank11       0000
__Hbank12             bank12       0000
__Hbank13             bank13       0000
__Hbank14             bank14       0000
__Hbank15             bank15       0000
__Hbank2              bank2        0000
__Hbank3              bank3        0000
__Hbank4              bank4        0000
__Hbank5              bank5        0000
__Hbank6              bank6        0000
__Hbank7              bank7        0000
__Hbank8              bank8        0000
__Hbank9              bank9        0000
__Hbigbss             bigbss       0000
__Hbigdata            bigdata      0000
__Hbigram             bigram       0000
__Hbss                bss          0000
__HbssCOMRAM          bssCOMRAM    0000
__Hcinit              cinit        0000
__Hclrtext            clrtext      0000
__Hcomram             comram       0000
__Hconfig             config       0000
__Hconst              const        0000
__HcstackCOMRAM       cstackCOMRAM 0000
__Hdata               data         0000
__Heeprom_data        eeprom_data  0000
__Hend_init           end_init     0810
__Hfarbss             farbss       0000
__Hfardata            fardata      0000
__Hibigdata           ibigdata     0000
__Hidata              idata        0000
__Hidloc              idloc        0000
__Hifardata           ifardata     0000
__Hinit               init         080C
__Hintcode            intcode      080C
__Hintcode_body       intcode_body 0000
__Hintcodelo          intcodelo    080C
__Hintentry           intentry     0000
__Hintret             intret       0000
__Hintsave_regs       intsave_regs 0000
__Hirdata             irdata       0000
__Hmediumconst        mediumconst  0000
__Hnvbit              nvbit        0000
__Hnvrram             nvrram       0000
__Hpa_nodes           pa_nodes     0000
__Hparam              rparam       0000
__Hpowerup            powerup      080C
__Hram                ram          0000
__Hramtop             ramtop       1000
__Hrbit               rbit         0000
__Hrbss               rbss         0000
__Hrdata              rdata        0000
__Hreset_vec          reset_vec    0804
__Hrparam             rparam       0000
__Hsfr                sfr          0000
__Hsmallconst         smallconst   102C
__Hstruct             struct       0000
__Htemp               temp         0000
__Htext               text         0000
__Htext0              text0        0000
__Htext1              text1        0000
__Htext10             text10       0000
__Htext2              text2        0000
__Htext3              text3        0000
__Htext4              text4        0000
__Htext5              text5        0000
__Htext6              text6        0000
__Htext7              text7        0000
__Htext8              text8        0000
__Htext9              text9        0000
__LRAM                (abs)        0001
__Labs1               abs1         0000
__Lbank0              bank0        0000
__Lbank1              bank1        0000
__Lbank10             bank10       0000
__Lbank11             bank11       0000
__Lbank12             bank12       0000
__Lbank13             bank13       0000
__Lbank14             bank14       0000
__Lbank15             bank15       0000
__Lbank2              bank2        0000
__Lbank3              bank3        0000
__Lbank4              bank4        0000
__Lbank5              bank5        0000
__Lbank6              bank6        0000
__Lbank7              bank7        0000
__Lbank8              bank8        0000
__Lbank9              bank9        0000
__Lbigbss             bigbss       0000
__Lbigdata            bigdata      0000
__Lbigram             bigram       0000
__Lbss                bss          0000
__LbssCOMRAM          bssCOMRAM    0000
__Lcinit              cinit        0000
__Lclrtext            clrtext      0000
__Lcomram             comram       0000
__Lconfig             config       0000
__Lconst              const        0000
__LcstackCOMRAM       cstackCOMRAM 0000
__Ldata               data         0000
__Leeprom_data        eeprom_data  0000
__Lend_init           end_init     080C
__Lfarbss             farbss       0000
__Lfardata            fardata      0000
__Libigdata           ibigdata     0000
__Lidata              idata        0000
__Lidloc              idloc        0000
__Lifardata           ifardata     0000
__Linit               init         080C
__Lintcode            intcode      0808
__Lintcode_body       intcode_body 0000
__Lintcodelo          intcodelo    080C
__Lintentry           intentry     0000
__Lintret             intret       0000
__Lintsave_regs       intsave_regs 0000
__Lirdata             irdata       0000
__Lmediumconst        mediumconst  0000
__Lnvbit              nvbit        0000
__Lnvrram             nvrram       0000
__Lpa_nodes           pa_nodes     0000
__Lparam              rparam       0000
__Lpowerup            powerup      080C
__Lram                ram          0000
__Lramtop             ramtop       1000
__Lrbit               rbit         0000
__Lrbss               rbss         0000
__Lrdata              rdata        0000
__Lreset_vec          reset_vec    0800
__Lrparam             rparam       0000
__Lsfr                sfr          0000
__Lsmallconst         smallconst   1000
__Lstruct             struct       0000
__Ltemp               temp         0000
__Ltext               text         0000
__Ltext0              text0        0000
__Ltext1              text1        0000
__Ltext10             text10       0000
__Ltext2              text2        0000
__Ltext3              text3        0000
__Ltext4              text4        0000
__Ltext5              text5        0000
__Ltext6              text6        0000
__Ltext7              text7        0000
__Ltext8              text8        0000
__Ltext9              text9        0000
__S0                  (abs)        14DA
__S1                  (abs)        001C
___lwdiv              text10       1326
___lwdiv@counter      cstackCOMRAM 0009
___lwdiv@dividend     cstackCOMRAM 0003
___lwdiv@divisor      cstackCOMRAM 0005
___lwdiv@quotient     cstackCOMRAM 0007
___lwmod              text9        1370
___lwmod@counter      cstackCOMRAM 0007
___lwmod@dividend     cstackCOMRAM 0003
___lwmod@divisor      cstackCOMRAM 0005
__accesstop           (abs)        0080
__activetblptr        (abs)        0003
__end_of_IntServe     intcode_body 11C4
__end_of_LCD_Init     text4        1480
__end_of_LCD_Inst     text5        13EA
__end_of_LCD_Move     text1        1424
__end_of_LCD_Out      text2        1326
__end_of_LCD_Pause    text7        14DA
__end_of_LCD_Strobe   text6        14CE
__end_of_LCD_Write    text3        1456
__end_of_Wait_ms      text8        14AA
__end_of___lwdiv      text10       1370
__end_of___lwmod      text9        13AE
__end_of_main         text1        13EA
__mediumconst         mediumconst  0000
__pbssCOMRAM          bssCOMRAM    0016
__pcinit              cinit        14AA
__pcstackCOMRAM       cstackCOMRAM 0001
__pintcode            intcode      0808
__pintcode_body       intcode_body 102C
__psmallconst         smallconst   1000
__ptext0              text0        11C4
__ptext1              text1        13EA
__ptext10             text10       1326
__ptext2              text2        12B6
__ptext3              text3        1424
__ptext4              text4        1456
__ptext5              text5        13AE
__ptext6              text6        14BC
__ptext7              text7        14CE
__ptext8              text8        1480
__ptext9              text9        1370
__ramtop              ramtop       1000
__size_of_IntServe    (abs)        0000
__size_of_LCD_Init    (abs)        0000
__size_of_LCD_Inst    (abs)        0000
__size_of_LCD_Move    (abs)        0000
__size_of_LCD_Out     (abs)        0000
__size_of_LCD_Pause   (abs)        0000
__size_of_LCD_Strobe  (abs)        0000
__size_of_LCD_Write   (abs)        0000
__size_of_Wait_ms     (abs)        0000
__size_of___lwdiv     (abs)        0000
__size_of___lwmod     (abs)        0000
__size_of_main        (abs)        0000
__smallconst          smallconst   1000
_main                 text0        11C4
end_of_initialization cinit        14B6
int_func              intcode_body 102C
intlevel0             text         0000
intlevel1             text         0000
intlevel2             text         0000
intlevel3             text         0000
main@i                cstackCOMRAM 0015
start                 init         080C
start_initialization  cinit        14AA
