HI-TECH Software PICC-18 Compiler V9.80 ()

Linker command line:

--edf=C:\Program Files (x86)\HI-TECH Software\PICC-18\9.80\dat\en_msgs.txt \
  -cs -h+timerwait.sym -z -Q18F4620 -ol.obj -Mtimerwait.map -E1 \
  -ver=PICC-18 -ACODE=0800h-0FFFFh -ACONST=00h-0FFFFh \
  -ASMALLCONST=01000h-010FFhx240 -AMEDIUMCONST=01000h-0FFFFh \
  -ACOMRAM=01h-07Fh -AABS1=00h-0F7Fh -ABIGRAM=01h-0F7Fh \
  -ARAM=080h-0FFh,0100h-01FFhx14,0F00h-0F7Fh -ABANK0=080h-0FFh \
  -ABANK1=0100h-01FFh -ABANK2=0200h-02FFh -ABANK3=0300h-03FFh \
  -ABANK4=0400h-04FFh -ABANK5=0500h-05FFh -ABANK6=0600h-06FFh \
  -ABANK7=0700h-07FFh -ABANK8=0800h-08FFh -ABANK9=0900h-09FFh \
  -ABANK10=0A00h-0AFFh -ABANK11=0B00h-0BFFh -ABANK12=0C00h-0CFFh \
  -ABANK13=0D00h-0DFFh -ABANK14=0E00h-0EFFh -ABANK15=0F00h-0F7Fh \
  -ASFR=0F80h-0FFFh \
  -preset_vec=0800h,intcode=0808h,intcodelo,powerup,init,end_init \
  -pramtop=01000h -psmallconst=SMALLCONST -pmediumconst=MEDIUMCONST \
  -pconst=CONST -AFARRAM=00h-00h -ACONFIG=0300000h-030000Dh -pconfig=CONFIG \
  -AIDLOC=0200000h-0200007h -pidloc=IDLOC -AEEDATA=0F00000h-0F003FFh \
  -peeprom_data=EEDATA \
  -prdata=COMRAM,nvrram=COMRAM,nvbit=COMRAM,rbss=COMRAM,rbit=COMRAM \
  -pfarbss=FARRAM,fardata=FARRAM \
  -pintsave_regs=BIGRAM,bigbss=BIGRAM,bigdata=BIGRAM -pbss=RAM \
  -pidata=CODE,irdata=CODE,ibigdata=CODE,ifardata=CODE \
  C:\Users\Rich\AppData\Local\Temp\sbvs.obj timerwait.obj 

Object code version is 3.10

Machine type is 18F4620

Call graph: (short form)




                Name          Link     Load   Length Selector   Space       Scale
C:\Users\Rich\AppData\Local\Temp\sbvs.obj
                end_init       80C      80C        4     404     0
                reset_vec      800      800        4     400     0
timerwait.obj   intcode        808      808        4     404     0
                text10         948      948       76     404     0
                text9          9BE      9BE       62     404     0
                text8          B5C      B5C        C     404     0
                text7          B3C      B3C       12     404     0
                text6          AF2      AF2       2A     404     0
                text5          A20      A20       3C     404     0
                text4          AC8      AC8       2A     404     0
                text3          A96      A96       32     404     0
                text2          8B4      8B4       94     404     0
                text1          A5C      A5C       3A     404     0
                text0          810      810       A4     404     0
                cstackCOM        1        1       26       1     1
                bssCOMRAM       27       27        4       1     1
                cinit          B4E      B4E        E     404     0
                intcode_b      B1C      B1C       20     404     0

TOTAL           Name          Link     Load   Length     Space
        CLASS   CODE           
                end_init       80C      80C        4     0
                intcode        808      808        4     0
                reset_vec      800      800        4     0
                text10         948      948       76     0
                text9          9BE      9BE       62     0
                text8          B5C      B5C        C     0
                text7          B3C      B3C       12     0
                text6          AF2      AF2       2A     0
                text5          A20      A20       3C     0
                text4          AC8      AC8       2A     0
                text3          A96      A96       32     0
                text2          8B4      8B4       94     0
                text1          A5C      A5C       3A     0
                text0          810      810       A4     0
                cinit          B4E      B4E        E     0
                intcode_b      B1C      B1C       20     0

        CLASS   CONST          

        CLASS   SMALLCONST     

        CLASS   MEDIUMCONST    

        CLASS   COMRAM         
                cstackCOM        1        1       26     1
                bssCOMRAM       27       27        4     1

        CLASS   ABS1           

        CLASS   BIGRAM         

        CLASS   RAM            

        CLASS   BANK0          

        CLASS   BANK1          

        CLASS   BANK2          

        CLASS   BANK3          

        CLASS   BANK4          

        CLASS   BANK5          

        CLASS   BANK6          

        CLASS   BANK7          

        CLASS   BANK8          

        CLASS   BANK9          

        CLASS   BANK10         

        CLASS   BANK11         

        CLASS   BANK12         

        CLASS   BANK13         

        CLASS   BANK14         

        CLASS   BANK15         

        CLASS   SFR            

        CLASS   FARRAM         

        CLASS   CONFIG         

        CLASS   IDLOC          

        CLASS   EEDATA         



SEGMENTS        Name            Load    Length   Top    Selector   Space  Class

                cstackCOMRAM    000001  00002A  00002B         1       1  COMRAM  
                reset_vec       000800  000004  000804       400       0  CODE    
                intcode         000808  000360  000B68       404       0  CODE    


UNUSED ADDRESS RANGES

        Name                Unused          Largest block    Delta
        BANK0            0080-00FF             80
        BANK1            0100-01FF            100
        BANK10           0A00-0AFF            100
        BANK11           0B00-0BFF            100
        BANK12           0C00-0CFF            100
        BANK13           0D00-0DFF            100
        BANK14           0E00-0EFF            100
        BANK15           0F00-0F7F             80
        BANK2            0200-02FF            100
        BANK3            0300-03FF            100
        BANK4            0400-04FF            100
        BANK5            0500-05FF            100
        BANK6            0600-06FF            100
        BANK7            0700-07FF            100
        BANK8            0800-08FF            100
        BANK9            0900-09FF            100
        BIGRAM           002B-0F7F            F55
        CODE             0804-0807              4
                         0B68-FFFF           F498
        COMRAM           002B-007F             55
        CONFIG           300000-30000D              E
        CONST            0000-07FF            800
                         0804-0807              4
                         0B68-FFFF           F498
        EEDATA           F00000-F003FF            400
        FARRAM           0000-0000              1
        IDLOC            200000-200007              8
        MEDIUMCONST      1000-FFFF           F000
        RAM              0080-0F7F            100
        SFR              0F80-0FFF             80
        SMALLCONST       1000-FFFF            100

                                  Symbol Table

??_IntServe           cstackCOMRAM 0001
??_LCD_Init           cstackCOMRAM 0009
??_LCD_Inst           cstackCOMRAM 0007
??_LCD_Move           cstackCOMRAM 000A
??_LCD_Out            cstackCOMRAM 0013
??_LCD_Pause          cstackCOMRAM 0001
??_LCD_Strobe         cstackCOMRAM 0002
??_LCD_Write          cstackCOMRAM 0002
??_Wait_ms            cstackCOMRAM 0003
??___lldiv            cstackCOMRAM 0009
??___llmod            cstackCOMRAM 0009
??_main               cstackCOMRAM 001F
?_IntServe            cstackCOMRAM 0001
?_LCD_Init            cstackCOMRAM 0001
?_LCD_Inst            cstackCOMRAM 0001
?_LCD_Move            cstackCOMRAM 0009
?_LCD_Out             cstackCOMRAM 000E
?_LCD_Pause           cstackCOMRAM 0001
?_LCD_Strobe          cstackCOMRAM 0001
?_LCD_Write           cstackCOMRAM 0001
?_Wait_ms             cstackCOMRAM 0001
?___lldiv             cstackCOMRAM 0001
?___llmod             cstackCOMRAM 0001
?_main                cstackCOMRAM 0001
LCD_Inst@c            cstackCOMRAM 0008
LCD_Move@Col          cstackCOMRAM 0009
LCD_Move@Row          cstackCOMRAM 000A
LCD_Out@A             cstackCOMRAM 0014
LCD_Out@DATA          cstackCOMRAM 000E
LCD_Out@N             cstackCOMRAM 0012
LCD_Out@i             cstackCOMRAM 001E
LCD_Pause@x           cstackCOMRAM 0001
LCD_Write@c           cstackCOMRAM 0003
Wait_ms@X             cstackCOMRAM 0001
Wait_ms@i             cstackCOMRAM 0003
Wait_ms@j             cstackCOMRAM 0005
_ADCON1               (abs)        0FC1
_GIE                  (abs)        7F97
_IntServe             intcode      0808
_LCD_Init             text4        0AC8
_LCD_Inst             text5        0A20
_LCD_Move             text1        0A5C
_LCD_Out              text2        08B4
_LCD_Pause            text8        0B5C
_LCD_Strobe           text7        0B3C
_LCD_Write            text3        0A96
_PEIE                 (abs)        7F96
_PORTD                (abs)        0F83
_RC0                  (abs)        7C10
_RD1                  (abs)        7C19
_RD2                  (abs)        7C1A
_RD3                  (abs)        7C1B
_T0CON                (abs)        0FD5
_T0CS                 (abs)        7EAD
_TIME                 bssCOMRAM    0027
_TMR0                 (abs)        0FD6
_TMR0IE               (abs)        7F95
_TMR0IF               (abs)        7F92
_TMR0IP               (abs)        7F8A
_TMR0ON               (abs)        7EAF
_TRISA                (abs)        0F92
_TRISB                (abs)        0F93
_TRISC                (abs)        0F94
_TRISD                (abs)        0F95
_Wait_ms              text6        0AF2
__HRAM                (abs)        0000
__Habs1               abs1         0000
__Hbank0              bank0        0000
__Hbank1              bank1        0000
__Hbank10             bank10       0000
__Hbank11             bank11       0000
__Hbank12             bank12       0000
__Hbank13             bank13       0000
__Hbank14             bank14       0000
__Hbank15             bank15       0000
__Hbank2              bank2        0000
__Hbank3              bank3        0000
__Hbank4              bank4        0000
__Hbank5              bank5        0000
__Hbank6              bank6        0000
__Hbank7              bank7        0000
__Hbank8              bank8        0000
__Hbank9              bank9        0000
__Hbigbss             bigbss       0000
__Hbigdata            bigdata      0000
__Hbigram             bigram       0000
__Hbss                bss          0000
__HbssCOMRAM          bssCOMRAM    0000
__Hcinit              cinit        0000
__Hclrtext            clrtext      0000
__Hcomram             comram       0000
__Hconfig             config       0000
__Hconst              const        0000
__HcstackCOMRAM       cstackCOMRAM 0000
__Hdata               data         0000
__Heeprom_data        eeprom_data  0000
__Hend_init           end_init     0810
__Hfarbss             farbss       0000
__Hfardata            fardata      0000
__Hibigdata           ibigdata     0000
__Hidata              idata        0000
__Hidloc              idloc        0000
__Hifardata           ifardata     0000
__Hinit               init         080C
__Hintcode            intcode      080C
__Hintcode_body       intcode_body 0000
__Hintcodelo          intcodelo    080C
__Hintentry           intentry     0000
__Hintret             intret       0000
__Hintsave_regs       intsave_regs 0000
__Hirdata             irdata       0000
__Hmediumconst        mediumconst  0000
__Hnvbit              nvbit        0000
__Hnvrram             nvrram       0000
__Hpa_nodes           pa_nodes     0000
__Hparam              rparam       0000
__Hpowerup            powerup      080C
__Hram                ram          0000
__Hramtop             ramtop       1000
__Hrbit               rbit         0000
__Hrbss               rbss         0000
__Hrdata              rdata        0000
__Hreset_vec          reset_vec    0804
__Hrparam             rparam       0000
__Hsfr                sfr          0000
__Hsmallconst         smallconst   0000
__Hstruct             struct       0000
__Htemp               temp         0000
__Htext               text         0000
__Htext0              text0        0000
__Htext1              text1        0000
__Htext10             text10       0000
__Htext2              text2        0000
__Htext3              text3        0000
__Htext4              text4        0000
__Htext5              text5        0000
__Htext6              text6        0000
__Htext7              text7        0000
__Htext8              text8        0000
__Htext9              text9        0000
__LRAM                (abs)        0001
__Labs1               abs1         0000
__Lbank0              bank0        0000
__Lbank1              bank1        0000
__Lbank10             bank10       0000
__Lbank11             bank11       0000
__Lbank12             bank12       0000
__Lbank13             bank13       0000
__Lbank14             bank14       0000
__Lbank15             bank15       0000
__Lbank2              bank2        0000
__Lbank3              bank3        0000
__Lbank4              bank4        0000
__Lbank5              bank5        0000
__Lbank6              bank6        0000
__Lbank7              bank7        0000
__Lbank8              bank8        0000
__Lbank9              bank9        0000
__Lbigbss             bigbss       0000
__Lbigdata            bigdata      0000
__Lbigram             bigram       0000
__Lbss                bss          0000
__LbssCOMRAM          bssCOMRAM    0000
__Lcinit              cinit        0000
__Lclrtext            clrtext      0000
__Lcomram             comram       0000
__Lconfig             config       0000
__Lconst              const        0000
__LcstackCOMRAM       cstackCOMRAM 0000
__Ldata               data         0000
__Leeprom_data        eeprom_data  0000
__Lend_init           end_init     080C
__Lfarbss             farbss       0000
__Lfardata            fardata      0000
__Libigdata           ibigdata     0000
__Lidata              idata        0000
__Lidloc              idloc        0000
__Lifardata           ifardata     0000
__Linit               init         080C
__Lintcode            intcode      0808
__Lintcode_body       intcode_body 0000
__Lintcodelo          intcodelo    080C
__Lintentry           intentry     0000
__Lintret             intret       0000
__Lintsave_regs       intsave_regs 0000
__Lirdata             irdata       0000
__Lmediumconst        mediumconst  0000
__Lnvbit              nvbit        0000
__Lnvrram             nvrram       0000
__Lpa_nodes           pa_nodes     0000
__Lparam              rparam       0000
__Lpowerup            powerup      080C
__Lram                ram          0000
__Lramtop             ramtop       1000
__Lrbit               rbit         0000
__Lrbss               rbss         0000
__Lrdata              rdata        0000
__Lreset_vec          reset_vec    0800
__Lrparam             rparam       0000
__Lsfr                sfr          0000
__Lsmallconst         smallconst   0000
__Lstruct             struct       0000
__Ltemp               temp         0000
__Ltext               text         0000
__Ltext0              text0        0000
__Ltext1              text1        0000
__Ltext10             text10       0000
__Ltext2              text2        0000
__Ltext3              text3        0000
__Ltext4              text4        0000
__Ltext5              text5        0000
__Ltext6              text6        0000
__Ltext7              text7        0000
__Ltext8              text8        0000
__Ltext9              text9        0000
__S0                  (abs)        0B68
__S1                  (abs)        002B
___lldiv              text10       0948
___lldiv@counter      cstackCOMRAM 000D
___lldiv@dividend     cstackCOMRAM 0001
___lldiv@divisor      cstackCOMRAM 0005
___lldiv@quotient     cstackCOMRAM 0009
___llmod              text9        09BE
___llmod@counter      cstackCOMRAM 0009
___llmod@dividend     cstackCOMRAM 0001
___llmod@divisor      cstackCOMRAM 0005
__accesstop           (abs)        0080
__activetblptr        (abs)        0000
__end_of_IntServe     intcode_body 0B3C
__end_of_LCD_Init     text4        0AF2
__end_of_LCD_Inst     text5        0A5C
__end_of_LCD_Move     text1        0A96
__end_of_LCD_Out      text2        0948
__end_of_LCD_Pause    text8        0B68
__end_of_LCD_Strobe   text7        0B4E
__end_of_LCD_Write    text3        0AC8
__end_of_Wait_ms      text6        0B1C
__end_of___lldiv      text10       09BE
__end_of___llmod      text9        0A20
__end_of_main         text1        0A5C
__mediumconst         mediumconst  0000
__pbssCOMRAM          bssCOMRAM    0027
__pcinit              cinit        0B4E
__pcstackCOMRAM       cstackCOMRAM 0001
__pintcode            intcode      0808
__pintcode_body       intcode_body 0B1C
__ptext0              text0        0810
__ptext1              text1        0A5C
__ptext10             text10       0948
__ptext2              text2        08B4
__ptext3              text3        0A96
__ptext4              text4        0AC8
__ptext5              text5        0A20
__ptext6              text6        0AF2
__ptext7              text7        0B3C
__ptext8              text8        0B5C
__ptext9              text9        09BE
__ramtop              ramtop       1000
__size_of_IntServe    (abs)        0000
__size_of_LCD_Init    (abs)        0000
__size_of_LCD_Inst    (abs)        0000
__size_of_LCD_Move    (abs)        0000
__size_of_LCD_Out     (abs)        0000
__size_of_LCD_Pause   (abs)        0000
__size_of_LCD_Strobe  (abs)        0000
__size_of_LCD_Write   (abs)        0000
__size_of_Wait_ms     (abs)        0000
__size_of___lldiv     (abs)        0000
__size_of___llmod     (abs)        0000
__size_of_main        (abs)        0000
__smallconst          smallconst   0000
_main                 text0        0810
end_of_initialization cinit        0B56
int_func              intcode_body 0B1C
intlevel0             text         0000
intlevel1             text         0000
intlevel2             text         0000
intlevel3             text         0000
main@TIME0            cstackCOMRAM 0023
main@TIME1            cstackCOMRAM 001F
start                 init         080C
start_initialization  cinit        0B4E
